Microchip MPLAB XC8 Compiler V2.05 ()

Linker command line:

-W-3 --edf=C:\Program Files (x86)\Microchip\xc8\v2.05\pic\dat\en_msgs.txt \
  -cs -h+dist/default/production\I2CNavKey.X.production.sym \
  --cmf=dist/default/production\I2CNavKey.X.production.cmf -z -Q16F18345 \
  -oC:\Users\scaron\AppData\Local\Temp\s1nag.2 --defsym=__MPLAB_BUILD=1 \
  -Mdist/default/production/I2CNavKey.X.production.map -E1 -ver=XC8 \
  --acfsm=1493 -ASTACK=0208Bh-023EFh -pstack=STACK -ACODE=00h-07FFhx4 \
  -ASTRCODE=00h-01FFFh -ASTRING=00h-0FFhx32 -ACONST=00h-0FFhx32 \
  -AENTRY=00h-0FFhx32 -ACOMMON=070h-07Fh -ABANK0=020h-06Fh \
  -ABANK1=0A0h-0EFh -ABANK2=0120h-016Fh -ABANK3=01A0h-01EFh \
  -ABANK4=0220h-026Fh -ABANK5=02A0h-02EFh -ABANK6=0320h-036Fh \
  -ABANK7=03A0h-03EFh -ABANK8=0420h-046Fh -ABANK9=04A0h-04EFh \
  -ABANK10=0520h-056Fh -ABANK11=05A0h-05EFh -ABANK12=0620h-064Fh \
  -ABIGRAM=02000h-023EFh \
  -ARAM=020h-06Fh,0A0h-0EFh,0120h-016Fh,01A0h-01EFh,0220h-026Fh,02A0h-02EFh,0320h-036Fh,03A0h-03EFh,0420h-046Fh,04A0h-04EFh,0520h-056Fh,05A0h-05EFh,0620h-064Fh \
  -AABS1=020h-07Fh,0A0h-0EFh,0120h-016Fh,01A0h-01EFh,0220h-026Fh,02A0h-02EFh,0320h-036Fh,03A0h-03EFh,0420h-046Fh,04A0h-04EFh,0520h-056Fh,05A0h-05EFh,0620h-064Fh \
  -ASFR0=00h-01Fh -ASFR1=080h-09Fh -ASFR2=0100h-011Fh -ASFR3=0180h-019Fh \
  -ASFR4=0200h-021Fh -ASFR5=0280h-029Fh -ASFR6=0300h-031Fh \
  -ASFR7=0380h-039Fh -ASFR8=0400h-041Fh -ASFR9=0480h-049Fh \
  -ASFR10=0500h-051Fh -ASFR11=0580h-059Fh -ASFR12=0600h-061Fh \
  -ASFR13=0680h-06EFh -ASFR14=0700h-076Fh -ASFR15=0780h-07EFh \
  -ASFR16=0800h-086Fh -ASFR17=0880h-08EFh -ASFR18=0900h-096Fh \
  -ASFR19=0980h-09EFh -ASFR20=0A00h-0A6Fh -ASFR21=0A80h-0AEFh \
  -ASFR22=0B00h-0B6Fh -ASFR23=0B80h-0BEFh -ASFR24=0C00h-0C6Fh \
  -ASFR25=0C80h-0CEFh -ASFR26=0D00h-0D6Fh -ASFR27=0D80h-0DEFh \
  -ASFR28=0E00h-0E6Fh -ASFR29=0E80h-0EEFh -ASFR30=0F00h-0F6Fh \
  -ASFR31=0F80h-0FEFh -preset_vec=00h,intentry=04h,init,end_init \
  -ppowerup=CODE -pcinit=CODE -pfunctab=ENTRY -ACONFIG=08007h-0800Ah \
  -pconfig=CONFIG -DCONFIG=2 -AIDLOC=08000h-08003h -pidloc=IDLOC -DIDLOC=2 \
  -AEEDATA=00h-0FFh/0F000h -peeprom_data=EEDATA -DEEDATA=2 -DCODE=2 \
  -DSTRCODE=2 -DSTRING=2 -DCONST=2 -DENTRY=2 -k \
  C:\Users\scaron\AppData\Local\Temp\s1nag.o \
  dist/default/production\I2CNavKey.X.production.o 

Object code version is 3.11

Machine type is 16F18345



                Name                               Link     Load   Length Selector   Space Scale
C:\Users\scaron\AppData\Local\Temp\s1nag.o
                end_init                             30       30        2        8       0
                reset_vec                             0        0        2        0       0
                config                             8007     8007        4    1000E       0
dist/default/production\I2CNavKey.X.production.o
                cinit                                32       32      3F9        8       0
                intentry                              4        4       2C        8       0
                text73                             14FA     14FA      306     29F4       0
                swtext10                           1000     1000       E4     2000       0
                swtext9                            11D4     11D4        8     2368       0
                swtext8                            11CC     11CC        8     2368       0
                swtext7                            11C4     11C4        8     2368       0
                text57                              9CD      9CD       66     139A       0
                text55                             1198     1198       1C     2288       0
                text54                             117C     117C       1C     2288       0
                text53                             1160     1160       1C     2288       0
                text52                             1144     1144       1C     2288       0
                swtext6                            1100     1100       44     2200       0
                text51                              C06      C06      3FA     180C       0
                swtext5                            11BC     11BC        8     2368       0
                text47                              A33      A33       E5     1466       0
                text46                             11DC     11DC        3     23B8       0
                text45                                3        3        1        6       0
                text42                              9AA      9AA       23     1354       0
                swtext4                            11B4     11B4        8     2368       0
                swtext3                            10F8     10F8        8     2000       0
                swtext2                            10F0     10F0        8     2000       0
                text20                             13CF     13CF       52     279E       0
                swtext1                            10E4     10E4        C     2000       0
                text15                             1421     1421       D9     2842       0
                text2                               B18      B18       EE     1630       0
                cstackBANK0                          4A       4A       14       20       1
                cstackCOMMON                         70       70        E       70       1
                cstackBANK1                          CB       CB       10       A0       1
                clrtext                             9A4      9A4        6     1348       0
                bssBANK1                             A0       A0       2B       A0       1
                dataBANK0                            5F       5F        1       20       1
                bssBANK0                             20       20       2A       20       1
                nvBANK0                              5E       5E        1       20       1
                stringtext1                         42B      42B      578      856       0

TOTAL           Name                               Link     Load   Length     Space
        CLASS   STACK          

        CLASS   CODE           
                end_init                             30       30        2         0
                cinit                                32       32      3F9         0
                intentry                              4        4       2C         0
                reset_vec                             0        0        2         0
                text73                             14FA     14FA      306         0
                text57                              9CD      9CD       66         0
                text55                             1198     1198       1C         0
                text54                             117C     117C       1C         0
                text53                             1160     1160       1C         0
                text52                             1144     1144       1C         0
                text51                              C06      C06      3FA         0
                text47                              A33      A33       E5         0
                text46                             11DC     11DC        3         0
                text45                                3        3        1         0
                text42                              9AA      9AA       23         0
                text20                             13CF     13CF       52         0
                text15                             1421     1421       D9         0
                text2                               B18      B18       EE         0
                clrtext                             9A4      9A4        6         0

        CLASS   STRCODE        
                stringtext1                         42B      42B      578         0

        CLASS   STRING         

        CLASS   CONST          
                swtext10                           1000     1000       E4         0
                swtext9                            11D4     11D4        8         0
                swtext8                            11CC     11CC        8         0
                swtext7                            11C4     11C4        8         0
                swtext6                            1100     1100       44         0
                swtext5                            11BC     11BC        8         0
                swtext4                            11B4     11B4        8         0
                swtext3                            10F8     10F8        8         0
                swtext2                            10F0     10F0        8         0
                swtext1                            10E4     10E4        C         0

        CLASS   ENTRY          

        CLASS   COMMON         
                cstackCOMMON                         70       70        E         1

        CLASS   BANK0          
                cstackBANK0                          4A       4A       14         1
                dataBANK0                            5F       5F        1         1
                bssBANK0                             20       20       2A         1
                nvBANK0                              5E       5E        1         1

        CLASS   BANK1          
                cstackBANK1                          CB       CB       10         1
                bssBANK1                             A0       A0       2B         1

        CLASS   BANK2          

        CLASS   BANK3          

        CLASS   BANK4          

        CLASS   BANK5          

        CLASS   BANK6          

        CLASS   BANK7          

        CLASS   BANK8          

        CLASS   BANK9          

        CLASS   BANK10         

        CLASS   BANK11         

        CLASS   BANK12         

        CLASS   BIGRAM         

        CLASS   RAM            

        CLASS   ABS1           
                abs_s1                               7E       7E        2         1

        CLASS   SFR0           

        CLASS   SFR1           

        CLASS   SFR2           

        CLASS   SFR3           

        CLASS   SFR4           

        CLASS   SFR5           

        CLASS   SFR6           

        CLASS   SFR7           

        CLASS   SFR8           

        CLASS   SFR9           

        CLASS   SFR10          

        CLASS   SFR11          

        CLASS   SFR12          

        CLASS   SFR13          

        CLASS   SFR14          

        CLASS   SFR15          

        CLASS   SFR16          

        CLASS   SFR17          

        CLASS   SFR18          

        CLASS   SFR19          

        CLASS   SFR20          

        CLASS   SFR21          

        CLASS   SFR22          

        CLASS   SFR23          

        CLASS   SFR24          

        CLASS   SFR25          

        CLASS   SFR26          

        CLASS   SFR27          

        CLASS   SFR28          

        CLASS   SFR29          

        CLASS   SFR30          

        CLASS   SFR31          

        CLASS   CONFIG         
                config                             8007     8007        4         0

        CLASS   IDLOC          

        CLASS   EEDATA         

        CLASS   BANK31         

        CLASS   BANK30         

        CLASS   BANK29         

        CLASS   BANK28         

        CLASS   BANK27         

        CLASS   BANK26         

        CLASS   BANK25         

        CLASS   BANK24         

        CLASS   BANK23         

        CLASS   BANK22         

        CLASS   BANK21         

        CLASS   BANK20         

        CLASS   BANK19         

        CLASS   BANK18         

        CLASS   BANK17         

        CLASS   BANK16         

        CLASS   BANK15         

        CLASS   BANK14         

        CLASS   BANK13         



SEGMENTS        Name                           Load    Length   Top    Selector   Space  Class     Delta

                reset_vec                      000000  000002  000002         0       0  CODE        2
                text45                         000003  000001  000004         6       0  CODE        2
                intentry                       000004  000427  00042B         8       0  CODE        2
                bssBANK0                       000020  000040  000060        20       1  BANK0       1
                cstackCOMMON                   000070  00000E  00007E        70       1  COMMON      1
                bssBANK1                       0000A0  00003B  0000DB        A0       1  BANK1       1
                stringtext1                    00042B  000578  0009A3       856       0  STRCODE     2
                clrtext                        0009A4  000006  0009AA      1348       0  CODE        2
                text42                         0009AA  000023  0009CD      1354       0  CODE        2
                text57                         0009CD  000066  000A33      139A       0  CODE        2
                text47                         000A33  0000E5  000B18      1466       0  CODE        2
                text2                          000B18  0000EE  000C06      1630       0  CODE        2
                text51                         000C06  0003FA  001000      180C       0  CODE        2
                swtext10                       001000  000100  001100      2000       0  CONST       2
                swtext6                        001100  000044  001144      2200       0  CONST       2
                text52                         001144  000070  0011B4      2288       0  CODE        2
                swtext4                        0011B4  000028  0011DC      2368       0  CONST       2
                text46                         0011DC  000003  0011DF      23B8       0  CODE        2
                text20                         0013CF  000052  001421      279E       0  CODE        2
                text15                         001421  0000D9  0014FA      2842       0  CODE        2
                text73                         0014FA  000306  001800      29F4       0  CODE        2
                config                         008007  000004  00800B     1000E       0  CONFIG      2


UNUSED ADDRESS RANGES

        Name                Unused          Largest block    Delta
        BANK0            00060-0006F              10           1
        BANK1            000DB-000EF              15           1
        BANK10           00520-0056F              50           1
        BANK11           005A0-005EF              50           1
        BANK12           00620-0064F              30           1
        BANK2            00120-0016F              50           1
        BANK3            001A0-001EF              50           1
        BANK4            00220-0026F              50           1
        BANK5            002A0-002EF              50           1
        BANK6            00320-0036F              50           1
        BANK7            003A0-003EF              50           1
        BANK8            00420-0046F              50           1
        BANK9            004A0-004EF              50           1
        BIGRAM           02000-023EF             3F0           1
        CODE             00002-00002               1           2
                         009A3-009A3               1
                         011DF-013CE             1F0
                         01800-01FFF             800
        CONST            00002-00002               1           2
                         009A3-009A3               1
                         011DF-013CE             100
                         01800-01FFF             100
        EEDATA           0F000-0F0FF             100           2
        ENTRY            00002-00002               1           2
                         009A3-009A3               1
                         011DF-013CE             100
                         01800-01FFF             100
        IDLOC            08000-08003               4           2
        RAM              00060-0006F              10           1
                         000DB-000EF              15
                         00120-0016F              50
                         001A0-001EF              50
                         00220-0026F              50
                         002A0-002EF              50
                         00320-0036F              50
                         003A0-003EF              50
                         00420-0046F              50
                         004A0-004EF              50
                         00520-0056F              50
                         005A0-005EF              50
                         00620-0064F              30
        SFR0             00000-0001F              20           1
        SFR1             00080-0009F              20           1
        SFR10            00500-0051F              20           1
        SFR11            00580-0059F              20           1
        SFR12            00600-0061F              20           1
        SFR13            00680-006EF              70           1
        SFR14            00700-0076F              70           1
        SFR15            00780-007EF              70           1
        SFR16            00800-0086F              70           1
        SFR17            00880-008EF              70           1
        SFR18            00900-0096F              70           1
        SFR19            00980-009EF              70           1
        SFR2             00100-0011F              20           1
        SFR20            00A00-00A6F              70           1
        SFR21            00A80-00AEF              70           1
        SFR22            00B00-00B6F              70           1
        SFR23            00B80-00BEF              70           1
        SFR24            00C00-00C6F              70           1
        SFR25            00C80-00CEF              70           1
        SFR26            00D00-00D6F              70           1
        SFR27            00D80-00DEF              70           1
        SFR28            00E00-00E6F              70           1
        SFR29            00E80-00EEF              70           1
        SFR3             00180-0019F              20           1
        SFR30            00F00-00F6F              70           1
        SFR31            00F80-00FEF              70           1
        SFR4             00200-0021F              20           1
        SFR5             00280-0029F              20           1
        SFR6             00300-0031F              20           1
        SFR7             00380-0039F              20           1
        SFR8             00400-0041F              20           1
        SFR9             00480-0049F              20           1
        STACK            0208B-023EF             365           1
        STRCODE          00002-00002               1           2
                         009A3-009A3               1
                         011DF-013CE             1F0
                         01800-01FFF             800
        STRING           00002-00002               1           2
                         009A3-009A3               1
                         011DF-013CE             100
                         01800-01FFF             100

                                  Symbol Table

?_ADC_GetConversion                       cstackBANK1  000CB
?___fladd                                 cstackCOMMON 00070
?___flsub                                 cstackBANK0  00052
?___wmul                                  cstackBANK1  000CB
?i1___wmul                                cstackCOMMON 00070
ADC_GetConversion@channel                 cstackBANK1  000CE
FadeProcessClear@stat                     cstackBANK1  000CE
FadeProcessSet@stat                       cstackBANK1  000CB
I2C1_ISR@i2c_data                         cstackBANK0  00050
I2C1_StatusCallback@i2c_bus_state         cstackBANK0  0004F
I2C1_StatusCallback@slaveWriteType        bssBANK1     000C3
Int2StatusUpdate@stat                     cstackBANK1  000CD
NavKeyStatusUpdate@stat                   cstackBANK1  000CB
NavKeySwitch_KeyFilter@i                  cstackBANK1  000CB
NavKey_DWButton_FSM@dn_fsm                bssBANK1     000BB
NavKey_LTButton_FSM@lt_fsm                bssBANK1     000B9
NavKey_RTButton_FSM@rt_fsm                bssBANK1     000BA
NavKey_UPButton_FSM@up_fsm                bssBANK1     000BC
PWM_GP1@duty                              cstackBANK1  000D9
PWM_GP2@duty                              cstackBANK1  000D9
PWM_GP3@duty                              cstackBANK1  000D9
RegisterRead@add                          cstackCOMMON 00071
RegisterRead@return_value                 cstackCOMMON 00072
RegisterWrite@add                         cstackBANK0  0004E
RegisterWrite@data                        cstackBANK0  0004D
TMR3_SetInterruptHandler@InterruptHandler cstackBANK1  000CB
TMR3_WriteTimer@timerVal                  cstackCOMMON 00070
_ADACT                                    (abs)        0009F
_ADCON0                                   (abs)        0009D
_ADCON0bits                               (abs)        0009D
_ADCON1                                   (abs)        0009E
_ADC_GetConversion                        cinit        001E6
_ADC_Initialize                           cinit        00201
_ADRESH                                   (abs)        0009C
_ADRESL                                   (abs)        0009B
_ANSELA                                   (abs)        0018C
_ANSELB                                   (abs)        0018D
_ANSELC                                   (abs)        0018E
_ANSELCbits                               (abs)        0018E
_CCP1CON                                  (abs)        00293
_CCP2CON                                  (abs)        00297
_CCP3CON                                  (abs)        00313
_CCPR1H                                   (abs)        00292
_CCPR1L                                   (abs)        00291
_CCPR2H                                   (abs)        00296
_CCPR2L                                   (abs)        00295
_CCPR3H                                   (abs)        00312
_CCPR3L                                   (abs)        00311
_CCPTMRSbits                              (abs)        0029F
_CLC1CON                                  (abs)        00F10
_CLC1GLS0                                 (abs)        00F16
_CLC1GLS1                                 (abs)        00F17
_CLC1GLS2                                 (abs)        00F18
_CLC1GLS3                                 (abs)        00F19
_CLC1POL                                  (abs)        00F11
_CLC1SEL0                                 (abs)        00F12
_CLC1SEL1                                 (abs)        00F13
_CLC1SEL2                                 (abs)        00F14
_CLC1SEL3                                 (abs)        00F15
_CLC1_ISR                                 text73       01504
_CLC1_Initialize                          text2        00BD5
_CLC2CON                                  (abs)        00F1A
_CLC2GLS0                                 (abs)        00F20
_CLC2GLS1                                 (abs)        00F21
_CLC2GLS2                                 (abs)        00F22
_CLC2GLS3                                 (abs)        00F23
_CLC2POL                                  (abs)        00F1B
_CLC2SEL0                                 (abs)        00F1C
_CLC2SEL1                                 (abs)        00F1D
_CLC2SEL2                                 (abs)        00F1E
_CLC2SEL3                                 (abs)        00F1F
_CLC2_ISR                                 text73       014FA
_CLC2_Initialize                          text2        00B2B
_CLCIN0PPSbits                            (abs)        00E28
_CLCIN1PPSbits                            (abs)        00E29
_CLC_1_Interrupt                          text73       0150E
_CLC_2_Interrupt                          text73       01597
_CMAX                                     bssBANK0     00028
_CMIN                                     bssBANK0     00024
_CVAL                                     bssBANK0     0002C
_C_CKSRC                                  bssBANK1     000C8
_C_DIRE                                   bssBANK1     000C6
_C_DTYPE                                  bssBANK0     00039
_C_IPUD                                   bssBANK1     000C7
_C_MBANK                                  bssBANK0     0003B
_C_RESET                                  bssBANK1     000C9
_C_WRAPE                                  bssBANK0     0003A
_ClearInterrupt                           cinit        00065
_Config_GP1                               text51       00CCE
_Config_GP2                               text51       00ED5
_Config_GP3                               text51       00F4D
_DPPERIOD                                 bssBANK0     00040
_DataInitSet                              cinit        00068
_DoublePush                               bssBANK1     000B3
_EncoderReg                               bssBANK0     00038
_FADEGP                                   bssBANK0     0003F
_FADE_GP1                                 cinit        00098
_FADE_GP2                                 cinit        00233
_FADE_GP3                                 cinit        00209
_FSTATUS                                  bssBANK0     00044
_FadeProcessClear                         cinit        003FB
_FadeProcessSet                           cinit        00404
_GAMMAGP1                                 bssBANK0     0003E
_GAMMAGP2                                 bssBANK0     0003D
_GAMMAGP3                                 bssBANK0     0003C
_GCONF                                    bssBANK0     00049
_GP1CONF                                  bssBANK0     00048
_GP1REG                                   bssBANK0     00043
_GP1_FSM                                  cinit        000E6
_GP2CONF                                  bssBANK0     00047
_GP2REG                                   bssBANK0     00042
_GP2_FSM                                  cinit        0017E
_GP3CONF                                  bssBANK0     00046
_GP3REG                                   bssBANK0     00041
_GP3_FSM                                  cinit        00131
_GP_Ports_FSM                             cinit        000C1
_GeneralDataSet                           text57       009CD
_GeneralDataSplit                         text51       00FC6
_I2C1_AddressSet                          text2        00B40
_I2C1_ISR                                 text47       00A33
_I2C1_Initialize                          text2        00B68
_I2C1_Initialize_ClockStreach             text57       00A0C
_I2C1_StatusCallback                      text47       00A4E
_I2C1_slaveWriteData                      dataBANK0    0005F
_INTCONF                                  bssBANK0     00030
_INTCONbits                               (abs)        0000B
_INTERRUPT_InterruptManager               intentry     00004
_ISTEP                                    bssBANK0     00020
_Int2StatusClear                          text47       00A97
_Int2StatusUpdate                         cinit        001CB
_LATA                                     (abs)        0010C
_LATB                                     (abs)        0010D
_LATBbits                                 (abs)        0010D
_LATC                                     (abs)        0010E
_LATCbits                                 (abs)        0010E
_NSTATUS                                  bssBANK0     00032
_NVMADRH                                  (abs)        00892
_NVMADRL                                  (abs)        00891
_NVMCON1bits                              (abs)        00895
_NVMCON2                                  (abs)        00896
_NVMDATH                                  (abs)        00894
_NVMDATL                                  (abs)        00893
_NavKeyStatusUpdate                       text15       014F2
_NavKeySwitch_KeyFilter                   text20       013CF
_NavKey_CentralButton_FSM                 text15       014A5
_NavKey_DWButton_FSM                      text15       01484
_NavKey_FSM                               cinit        00409
_NavKey_LTButton_FSM                      text15       01463
_NavKey_PBstatus                          bssBANK1     000A0
_NavKey_PBtemp                            bssBANK1     000A5
_NavKey_RTButton_FSM                      text15       01442
_NavKey_UPButton_FSM                      text15       01421
_ODCONA                                   (abs)        0028C
_ODCONB                                   (abs)        0028D
_ODCONC                                   (abs)        0028E
_ODCONCbits                               (abs)        0028E
_OSCCON1                                  (abs)        00919
_OSCCON3                                  (abs)        0091B
_OSCEN                                    (abs)        0091D
_OSCFRQ                                   (abs)        0091F
_OSCILLATOR_Initialize                    text2        00B7B
_OSCTUNE                                  (abs)        0091E
_PIE1bits                                 (abs)        00091
_PIE3bits                                 (abs)        00093
_PIN_MANAGER_Initialize                   text2        00B84
_PIR1bits                                 (abs)        00011
_PIR3bits                                 (abs)        00013
_PMD0                                     (abs)        00911
_PMD1                                     (abs)        00912
_PMD2                                     (abs)        00913
_PMD3                                     (abs)        00914
_PMD4                                     (abs)        00915
_PMD5                                     (abs)        00916
_PMD_Initialize                           text2        00BBB
_PORTAbits                                (abs)        0000C
_PORTBbits                                (abs)        0000D
_PORTCbits                                (abs)        0000E
_PPSLOCK                                  (abs)        00E0F
_PPSLOCKbits                              (abs)        00E0F
_PR2                                      (abs)        0001E
_PWM1_Initialize                          text51       00EC9
_PWM2_Initialize                          text51       00F41
_PWM3_Initialize                          text51       00FB9
_PWM_GP1                                  cinit        00363
_PWM_GP2                                  cinit        002E0
_PWM_GP3                                  cinit        0025D
_RB6PPSbits                               (abs)        00E9E
_RB7PPSbits                               (abs)        00E9F
_RC0PPSbits                               (abs)        00EA0
_RC1PPSbits                               (abs)        00EA1
_RC2PPSbits                               (abs)        00EA2
_RegisterRead                             text47       00A9A
_RegisterWrite                            text51       00C06
_SSP1ADD                                  (abs)        00212
_SSP1BUF                                  (abs)        00211
_SSP1CLKPPSbits                           (abs)        00E20
_SSP1CON1                                 (abs)        00215
_SSP1CON1bits                             (abs)        00215
_SSP1CON2                                 (abs)        00216
_SSP1CON2bits                             (abs)        00216
_SSP1CON3                                 (abs)        00217
_SSP1DATPPSbits                           (abs)        00E21
_SSP1MSK                                  (abs)        00213
_SSP1STAT                                 (abs)        00214
_SSP1STATbits                             (abs)        00214
_SSTATUS                                  bssBANK0     00045
_STATUSbits                               (abs)        00003
_SYSTEM_Initialize                        text2        00B18
_SetInterrupt                             cinit        001D5
_StatusClear                              text47       00A90
_T2CON                                    (abs)        0001F
_T3CON                                    (abs)        00413
_T3CONbits                                (abs)        00413
_T3GCON                                   (abs)        00414
_TMR2                                     (abs)        0001D
_TMR2_Initialize                          text2        00BC9
_TMR3H                                    (abs)        00412
_TMR3L                                    (abs)        00411
_TMR3_CallBack                            text42       009B3
_TMR3_DefaultInterruptHandler             text45       00003
_TMR3_ISR                                 text42       009AA
_TMR3_Initialize                          text2        00BEA
_TMR3_InterruptHandler                    bssBANK1     000B5
_TMR3_SetInterruptHandler                 cinit        00423
_TMR3_StartTimer                          cinit        00428
_TMR3_WriteTimer                          text42       009BE
_TRISA                                    (abs)        0008C
_TRISAbits                                (abs)        0008C
_TRISB                                    (abs)        0008D
_TRISC                                    (abs)        0008E
_TRISCbits                                (abs)        0008E
_TimerInt                                 text46       011DC
_UpdateOut_GP1                            text55       01198
_UpdateOut_GP2                            text54       0117C
_UpdateOut_GP3                            text53       01160
_WDTCON                                   (abs)        00097
_WDT_Initialize                           text2        00BD1
_WPUA                                     (abs)        0020C
_WPUAbits                                 (abs)        0020C
_WPUB                                     (abs)        0020D
_WPUBbits                                 (abs)        0020D
_WPUC                                     (abs)        0020E
_WPUCbits                                 (abs)        0020E
__CFG_BOREN$ON                            (abs)        00000
__CFG_BORV$LOW                            (abs)        00000
__CFG_CLKOUTEN$OFF                        (abs)        00000
__CFG_CP$OFF                              (abs)        00000
__CFG_CPD$OFF                             (abs)        00000
__CFG_CSWEN$ON                            (abs)        00000
__CFG_DEBUG$OFF                           (abs)        00000
__CFG_FCMEN$ON                            (abs)        00000
__CFG_FEXTOSC$OFF                         (abs)        00000
__CFG_LPBOREN$OFF                         (abs)        00000
__CFG_LVP$OFF                             (abs)        00000
__CFG_MCLRE$OFF                           (abs)        00000
__CFG_PPS1WAY$OFF                         (abs)        00000
__CFG_PWRTE$OFF                           (abs)        00000
__CFG_RSTOSC$HFINT32                      (abs)        00000
__CFG_STVREN$ON                           (abs)        00000
__CFG_WDTE$OFF                            (abs)        00000
__CFG_WRT$OFF                             (abs)        00000
__Habs1                                   abs1         00000
__Hbank0                                  bank0        00000
__Hbank1                                  bank1        00000
__Hbank10                                 bank10       00000
__Hbank11                                 bank11       00000
__Hbank12                                 bank12       00000
__Hbank13                                 bank13       00000
__Hbank14                                 bank14       00000
__Hbank15                                 bank15       00000
__Hbank16                                 bank16       00000
__Hbank17                                 bank17       00000
__Hbank18                                 bank18       00000
__Hbank19                                 bank19       00000
__Hbank2                                  bank2        00000
__Hbank20                                 bank20       00000
__Hbank21                                 bank21       00000
__Hbank22                                 bank22       00000
__Hbank23                                 bank23       00000
__Hbank24                                 bank24       00000
__Hbank25                                 bank25       00000
__Hbank26                                 bank26       00000
__Hbank27                                 bank27       00000
__Hbank28                                 bank28       00000
__Hbank29                                 bank29       00000
__Hbank3                                  bank3        00000
__Hbank30                                 bank30       00000
__Hbank31                                 bank31       00000
__Hbank4                                  bank4        00000
__Hbank5                                  bank5        00000
__Hbank6                                  bank6        00000
__Hbank7                                  bank7        00000
__Hbank8                                  bank8        00000
__Hbank9                                  bank9        00000
__Hbigram                                 bigram       00000
__HbssBANK0                               bssBANK0     00000
__HbssBANK1                               bssBANK1     00000
__Hcinit                                  cinit        0042B
__Hclrtext                                clrtext      00000
__Hcode                                   code         00000
__Hcommon                                 common       00000
__Hconfig                                 config       0800B
__HcstackBANK0                            cstackBANK0  00000
__HcstackBANK1                            cstackBANK1  00000
__HcstackCOMMON                           cstackCOMMON 00000
__HdataBANK0                              dataBANK0    00000
__Heeprom_data                            eeprom_data  00000
__Hend_init                               end_init     00032
__Hfunctab                                functab      00000
__HidataBANK0                             idataBANK0   00000
__Hidloc                                  idloc        00000
__Hinit                                   init         00030
__Hintentry                               intentry     00030
__Hmaintext                               maintext     00000
__HnvBANK0                                nvBANK0      00000
__Hpowerup                                powerup      00000
__Hram                                    ram          00000
__Hreset_vec                              reset_vec    00002
__Hsfr0                                   sfr0         00000
__Hsfr1                                   sfr1         00000
__Hsfr10                                  sfr10        00000
__Hsfr11                                  sfr11        00000
__Hsfr12                                  sfr12        00000
__Hsfr13                                  sfr13        00000
__Hsfr14                                  sfr14        00000
__Hsfr15                                  sfr15        00000
__Hsfr16                                  sfr16        00000
__Hsfr17                                  sfr17        00000
__Hsfr18                                  sfr18        00000
__Hsfr19                                  sfr19        00000
__Hsfr2                                   sfr2         00000
__Hsfr20                                  sfr20        00000
__Hsfr21                                  sfr21        00000
__Hsfr22                                  sfr22        00000
__Hsfr23                                  sfr23        00000
__Hsfr24                                  sfr24        00000
__Hsfr25                                  sfr25        00000
__Hsfr26                                  sfr26        00000
__Hsfr27                                  sfr27        00000
__Hsfr28                                  sfr28        00000
__Hsfr29                                  sfr29        00000
__Hsfr3                                   sfr3         00000
__Hsfr30                                  sfr30        00000
__Hsfr31                                  sfr31        00000
__Hsfr4                                   sfr4         00000
__Hsfr5                                   sfr5         00000
__Hsfr6                                   sfr6         00000
__Hsfr7                                   sfr7         00000
__Hsfr8                                   sfr8         00000
__Hsfr9                                   sfr9         00000
__Hspace_0                                (abs)        0800B
__Hspace_1                                (abs)        000DB
__Hspace_2                                (abs)        00000
__Hspace_3                                (abs)        00000
__Hstack                                  stack        00000
__Hstrings                                strings      00000
__Hstringtext1                            stringtext1  00000
__Htext                                   text         00000
__Labs1                                   abs1         00000
__Lbank0                                  bank0        00000
__Lbank1                                  bank1        00000
__Lbank10                                 bank10       00000
__Lbank11                                 bank11       00000
__Lbank12                                 bank12       00000
__Lbank13                                 bank13       00000
__Lbank14                                 bank14       00000
__Lbank15                                 bank15       00000
__Lbank16                                 bank16       00000
__Lbank17                                 bank17       00000
__Lbank18                                 bank18       00000
__Lbank19                                 bank19       00000
__Lbank2                                  bank2        00000
__Lbank20                                 bank20       00000
__Lbank21                                 bank21       00000
__Lbank22                                 bank22       00000
__Lbank23                                 bank23       00000
__Lbank24                                 bank24       00000
__Lbank25                                 bank25       00000
__Lbank26                                 bank26       00000
__Lbank27                                 bank27       00000
__Lbank28                                 bank28       00000
__Lbank29                                 bank29       00000
__Lbank3                                  bank3        00000
__Lbank30                                 bank30       00000
__Lbank31                                 bank31       00000
__Lbank4                                  bank4        00000
__Lbank5                                  bank5        00000
__Lbank6                                  bank6        00000
__Lbank7                                  bank7        00000
__Lbank8                                  bank8        00000
__Lbank9                                  bank9        00000
__Lbigram                                 bigram       00000
__LbssBANK0                               bssBANK0     00000
__LbssBANK1                               bssBANK1     00000
__Lcinit                                  cinit        00032
__Lclrtext                                clrtext      00000
__Lcode                                   code         00000
__Lcommon                                 common       00000
__Lconfig                                 config       08007
__LcstackBANK0                            cstackBANK0  00000
__LcstackBANK1                            cstackBANK1  00000
__LcstackCOMMON                           cstackCOMMON 00000
__LdataBANK0                              dataBANK0    00000
__Leeprom_data                            eeprom_data  00000
__Lend_init                               end_init     00030
__Lfunctab                                functab      00000
__LidataBANK0                             idataBANK0   00000
__Lidloc                                  idloc        00000
__Linit                                   init         00030
__Lintentry                               intentry     00004
__Lmaintext                               maintext     00000
__LnvBANK0                                nvBANK0      00000
__Lpowerup                                powerup      00000
__Lram                                    ram          00000
__Lreset_vec                              reset_vec    00000
__Lsfr0                                   sfr0         00000
__Lsfr1                                   sfr1         00000
__Lsfr10                                  sfr10        00000
__Lsfr11                                  sfr11        00000
__Lsfr12                                  sfr12        00000
__Lsfr13                                  sfr13        00000
__Lsfr14                                  sfr14        00000
__Lsfr15                                  sfr15        00000
__Lsfr16                                  sfr16        00000
__Lsfr17                                  sfr17        00000
__Lsfr18                                  sfr18        00000
__Lsfr19                                  sfr19        00000
__Lsfr2                                   sfr2         00000
__Lsfr20                                  sfr20        00000
__Lsfr21                                  sfr21        00000
__Lsfr22                                  sfr22        00000
__Lsfr23                                  sfr23        00000
__Lsfr24                                  sfr24        00000
__Lsfr25                                  sfr25        00000
__Lsfr26                                  sfr26        00000
__Lsfr27                                  sfr27        00000
__Lsfr28                                  sfr28        00000
__Lsfr29                                  sfr29        00000
__Lsfr3                                   sfr3         00000
__Lsfr30                                  sfr30        00000
__Lsfr31                                  sfr31        00000
__Lsfr4                                   sfr4         00000
__Lsfr5                                   sfr5         00000
__Lsfr6                                   sfr6         00000
__Lsfr7                                   sfr7         00000
__Lsfr8                                   sfr8         00000
__Lsfr9                                   sfr9         00000
__Lspace_0                                (abs)        00000
__Lspace_1                                (abs)        00000
__Lspace_2                                (abs)        00000
__Lspace_3                                (abs)        00000
__Lstack                                  stack        00000
__Lstrings                                strings      00000
__Lstringtext1                            stringtext1  00000
__Ltext                                   text         00000
__S0                                      (abs)        0800B
__S1                                      (abs)        000DB
__S2                                      (abs)        00000
__S3                                      (abs)        00000
___fladd                                  text73       01688
___fladd@a                                cstackCOMMON 00074
___fladd@aexp                             cstackCOMMON 00079
___fladd@b                                cstackCOMMON 00070
___fladd@bexp                             cstackCOMMON 0007A
___fladd@grs                              cstackCOMMON 0007B
___fladd@signs                            cstackCOMMON 00078
___flge                                   text73       01626
___flge@ff1                               cstackCOMMON 00070
___flge@ff2                               cstackCOMMON 00074
___flsub                                  text73       017E3
___flsub@a                                cstackBANK0  00052
___flsub@b                                cstackBANK0  00056
___int_sp                                 stack        00000
___latbits                                (abs)        00002
___sp                                     stack        00000
___stackhi                                (abs)        023EF
___stacklo                                (abs)        0208B
___wmul                                   cinit        003E6
___wmul@multiplicand                      cstackBANK1  000CD
___wmul@multiplier                        cstackBANK1  000CB
___wmul@product                           cstackBANK1  000CF
__end_of_ADC_GetConversion                cinit        00201
__end_of_ADC_Initialize                   cinit        00209
__end_of_CLC1_ISR                         text73       0150E
__end_of_CLC1_Initialize                  text2        00BEA
__end_of_CLC2_ISR                         text73       01504
__end_of_CLC2_Initialize                  text2        00B40
__end_of_CLC_1_Interrupt                  text73       01597
__end_of_CLC_2_Interrupt                  text73       01621
__end_of_ClearInterrupt                   cinit        00068
__end_of_Config_GP1                       text51       00D3A
__end_of_Config_GP2                       text51       00F41
__end_of_Config_GP3                       text51       00FB9
__end_of_DataInitSet                      cinit        00098
__end_of_FADE_GP1                         cinit        000C1
__end_of_FADE_GP2                         cinit        0025D
__end_of_FADE_GP3                         cinit        00233
__end_of_FadeProcessClear                 cinit        00404
__end_of_FadeProcessSet                   cinit        00409
__end_of_GP1_FSM                          cinit        00131
__end_of_GP2_FSM                          cinit        001CB
__end_of_GP3_FSM                          cinit        0017E
__end_of_GP_Ports_FSM                     cinit        000E6
__end_of_GeneralDataSet                   text57       00A0C
__end_of_GeneralDataSplit                 text51       01000
__end_of_I2C1_AddressSet                  text2        00B68
__end_of_I2C1_ISR                         text47       00A4E
__end_of_I2C1_Initialize                  text2        00B7B
__end_of_I2C1_Initialize_ClockStreach     text57       00A20
__end_of_I2C1_StatusCallback              text47       00A90
__end_of_INTERRUPT_InterruptManager       intentry     00030
__end_of_Int2StatusClear                  text47       00A9A
__end_of_Int2StatusUpdate                 cinit        001D5
__end_of_NavKeyStatusUpdate               text15       014FA
__end_of_NavKeySwitch_KeyFilter           text20       01421
__end_of_NavKey_CentralButton_FSM         text15       014F2
__end_of_NavKey_DWButton_FSM              text15       014A5
__end_of_NavKey_FSM                       cinit        00423
__end_of_NavKey_LTButton_FSM              text15       01484
__end_of_NavKey_RTButton_FSM              text15       01463
__end_of_NavKey_UPButton_FSM              text15       01442
__end_of_OSCILLATOR_Initialize            text2        00B84
__end_of_PIN_MANAGER_Initialize           text2        00BBB
__end_of_PMD_Initialize                   text2        00BC9
__end_of_PWM1_Initialize                  text51       00ED5
__end_of_PWM2_Initialize                  text51       00F4D
__end_of_PWM3_Initialize                  text51       00FC6
__end_of_PWM_GP1                          cinit        003E6
__end_of_PWM_GP2                          cinit        00363
__end_of_PWM_GP3                          cinit        002E0
__end_of_RegisterRead                     text47       00B09
__end_of_RegisterWrite                    text51       00CCE
__end_of_SYSTEM_Initialize                text2        00B2B
__end_of_SetInterrupt                     cinit        001E6
__end_of_StatusClear                      text47       00A94
__end_of_TMR2_Initialize                  text2        00BD1
__end_of_TMR3_CallBack                    text42       009BE
__end_of_TMR3_DefaultInterruptHandler     text45       00004
__end_of_TMR3_ISR                         text42       009B3
__end_of_TMR3_Initialize                  text2        00C06
__end_of_TMR3_SetInterruptHandler         cinit        00428
__end_of_TMR3_StartTimer                  cinit        0042B
__end_of_TMR3_WriteTimer                  text42       009CD
__end_of_TimerInt                         text46       011DF
__end_of_UpdateOut_GP1                    text55       011B4
__end_of_UpdateOut_GP2                    text54       01198
__end_of_UpdateOut_GP3                    text53       0117C
__end_of_WDT_Initialize                   text2        00BD5
__end_of___fladd                          text73       017D7
__end_of___flge                           text73       01688
__end_of___flsub                          text73       01800
__end_of___wmul                           cinit        003FB
__end_of__initialization                  cinit        00044
__end_of_eeprom_read                      text47       00B18
__end_of_eeprom_write                     text52       01160
__end_of_gamma_table                      stringtext1  009A3
__end_of_main                             cinit        00065
__end_ofi1_ClearInterrupt                 text47       00A97
__end_ofi1_I2C1_Initialize                text57       00A33
__end_ofi1_NavKeyStatusUpdate             text73       01626
__end_ofi1_PWM_GP1                        text51       00EB4
__end_ofi1_PWM_GP2                        text51       00E36
__end_ofi1_PWM_GP3                        text51       00DB8
__end_ofi1_SetInterrupt                   text73       017E3
__end_ofi1___wmul                         text51       00EC9
__initialization                          cinit        00032
__pbssBANK0                               bssBANK0     00020
__pbssBANK1                               bssBANK1     000A0
__pcstackBANK0                            cstackBANK0  0004A
__pcstackBANK1                            cstackBANK1  000CB
__pcstackCOMMON                           cstackCOMMON 00070
__pdataBANK0                              dataBANK0    0005F
__pidataBANK0                             idataBANK0   00000
__pintentry                               intentry     00004
__pmaintext                               cinit        00047
__pnvBANK0                                nvBANK0      0005E
__pstringtext1                            stringtext1  0042B
__pswtext1                                swtext1      010E4
__pswtext10                               swtext10     01000
__pswtext2                                swtext2      010F0
__pswtext3                                swtext3      010F8
__pswtext4                                swtext4      011B4
__pswtext5                                swtext5      011BC
__pswtext6                                swtext6      01100
__pswtext7                                swtext7      011C4
__pswtext8                                swtext8      011CC
__pswtext9                                swtext9      011D4
__ptext1                                  cinit        00428
__ptext10                                 text2        00B68
__ptext11                                 text2        00B40
__ptext12                                 text2        00B2B
__ptext13                                 text2        00BD5
__ptext14                                 cinit        00409
__ptext15                                 text15       01421
__ptext16                                 text15       01442
__ptext17                                 text15       01463
__ptext18                                 text15       01484
__ptext19                                 text15       014A5
__ptext2                                  text2        00B18
__ptext20                                 text20       013CF
__ptext21                                 cinit        000C1
__ptext22                                 cinit        00131
__ptext23                                 cinit        0017E
__ptext24                                 cinit        000E6
__ptext25                                 cinit        00201
__ptext26                                 cinit        001E6
__ptext27                                 cinit        00209
__ptext28                                 cinit        0025D
__ptext29                                 cinit        00233
__ptext3                                  text2        00BD1
__ptext30                                 cinit        002E0
__ptext31                                 cinit        00098
__ptext32                                 cinit        00363
__ptext33                                 cinit        003E6
__ptext34                                 cinit        00404
__ptext35                                 cinit        003FB
__ptext36                                 cinit        001D5
__ptext37                                 cinit        001CB
__ptext38                                 text15       014F2
__ptext39                                 cinit        00068
__ptext4                                  text2        00BEA
__ptext40                                 cinit        00065
__ptext42                                 text42       009AA
__ptext43                                 text42       009BE
__ptext44                                 text42       009B3
__ptext45                                 text45       00003
__ptext46                                 text46       011DC
__ptext47                                 text47       00A33
__ptext48                                 text47       00A4E
__ptext49                                 text47       00A94
__ptext5                                  cinit        00423
__ptext50                                 text47       00A90
__ptext51                                 text51       00C06
__ptext52                                 text52       01144
__ptext53                                 text53       01160
__ptext54                                 text54       0117C
__ptext55                                 text55       01198
__ptext56                                 text51       00FC6
__ptext57                                 text57       009CD
__ptext58                                 text57       00A20
__ptext59                                 text57       00A0C
__ptext6                                  text2        00BC9
__ptext60                                 text51       00F4D
__ptext61                                 text51       00D3A
__ptext62                                 text51       00FB9
__ptext63                                 text51       00ED5
__ptext64                                 text51       00DB8
__ptext65                                 text51       00F41
__ptext66                                 text51       00CCE
__ptext67                                 text51       00E36
__ptext68                                 text51       00EB4
__ptext69                                 text51       00EC9
__ptext7                                  text2        00BBB
__ptext70                                 text47       00A9A
__ptext71                                 text47       00B09
__ptext72                                 text47       00A97
__ptext73                                 text73       014FA
__ptext74                                 text73       01504
__ptext75                                 text73       01597
__ptext76                                 text73       017E3
__ptext77                                 text73       0150E
__ptext78                                 text73       017D7
__ptext79                                 text73       01621
__ptext8                                  text2        00B84
__ptext80                                 text73       01626
__ptext81                                 text73       01688
__ptext9                                  text2        00B7B
__size_of_ADC_GetConversion               (abs)        00000
__size_of_ADC_Initialize                  (abs)        00000
__size_of_CLC1_ISR                        (abs)        00000
__size_of_CLC1_Initialize                 (abs)        00000
__size_of_CLC2_ISR                        (abs)        00000
__size_of_CLC2_Initialize                 (abs)        00000
__size_of_CLC_1_Interrupt                 (abs)        00000
__size_of_CLC_2_Interrupt                 (abs)        00000
__size_of_ClearInterrupt                  (abs)        00000
__size_of_Config_GP1                      (abs)        00000
__size_of_Config_GP2                      (abs)        00000
__size_of_Config_GP3                      (abs)        00000
__size_of_DataInitSet                     (abs)        00000
__size_of_FADE_GP1                        (abs)        00000
__size_of_FADE_GP2                        (abs)        00000
__size_of_FADE_GP3                        (abs)        00000
__size_of_FadeProcessClear                (abs)        00000
__size_of_FadeProcessSet                  (abs)        00000
__size_of_GP1_FSM                         (abs)        00000
__size_of_GP2_FSM                         (abs)        00000
__size_of_GP3_FSM                         (abs)        00000
__size_of_GP_Ports_FSM                    (abs)        00000
__size_of_GeneralDataSet                  (abs)        00000
__size_of_GeneralDataSplit                (abs)        00000
__size_of_I2C1_AddressSet                 (abs)        00000
__size_of_I2C1_ISR                        (abs)        00000
__size_of_I2C1_Initialize                 (abs)        00000
__size_of_I2C1_Initialize_ClockStreach    (abs)        00000
__size_of_I2C1_StatusCallback             (abs)        00000
__size_of_INTERRUPT_InterruptManager      (abs)        00000
__size_of_Int2StatusClear                 (abs)        00000
__size_of_Int2StatusUpdate                (abs)        00000
__size_of_NavKeyStatusUpdate              (abs)        00000
__size_of_NavKeySwitch_KeyFilter          (abs)        00000
__size_of_NavKey_CentralButton_FSM        (abs)        00000
__size_of_NavKey_DWButton_FSM             (abs)        00000
__size_of_NavKey_FSM                      (abs)        00000
__size_of_NavKey_LTButton_FSM             (abs)        00000
__size_of_NavKey_RTButton_FSM             (abs)        00000
__size_of_NavKey_UPButton_FSM             (abs)        00000
__size_of_OSCILLATOR_Initialize           (abs)        00000
__size_of_PIN_MANAGER_Initialize          (abs)        00000
__size_of_PMD_Initialize                  (abs)        00000
__size_of_PWM1_Initialize                 (abs)        00000
__size_of_PWM2_Initialize                 (abs)        00000
__size_of_PWM3_Initialize                 (abs)        00000
__size_of_PWM_GP1                         (abs)        00000
__size_of_PWM_GP2                         (abs)        00000
__size_of_PWM_GP3                         (abs)        00000
__size_of_RegisterRead                    (abs)        00000
__size_of_RegisterWrite                   (abs)        00000
__size_of_SYSTEM_Initialize               (abs)        00000
__size_of_SetInterrupt                    (abs)        00000
__size_of_StatusClear                     (abs)        00000
__size_of_TMR2_Initialize                 (abs)        00000
__size_of_TMR3_CallBack                   (abs)        00000
__size_of_TMR3_DefaultInterruptHandler    (abs)        00000
__size_of_TMR3_ISR                        (abs)        00000
__size_of_TMR3_Initialize                 (abs)        00000
__size_of_TMR3_SetInterruptHandler        (abs)        00000
__size_of_TMR3_StartTimer                 (abs)        00000
__size_of_TMR3_WriteTimer                 (abs)        00000
__size_of_TimerInt                        (abs)        00000
__size_of_UpdateOut_GP1                   (abs)        00000
__size_of_UpdateOut_GP2                   (abs)        00000
__size_of_UpdateOut_GP3                   (abs)        00000
__size_of_WDT_Initialize                  (abs)        00000
__size_of___fladd                         (abs)        00000
__size_of___flge                          (abs)        00000
__size_of___flsub                         (abs)        00000
__size_of___wmul                          (abs)        00000
__size_of_eeprom_read                     (abs)        00000
__size_of_eeprom_write                    (abs)        00000
__size_of_main                            (abs)        00000
__size_ofi1_ClearInterrupt                (abs)        00000
__size_ofi1_I2C1_Initialize               (abs)        00000
__size_ofi1_NavKeyStatusUpdate            (abs)        00000
__size_ofi1_PWM_GP1                       (abs)        00000
__size_ofi1_PWM_GP2                       (abs)        00000
__size_ofi1_PWM_GP3                       (abs)        00000
__size_ofi1_SetInterrupt                  (abs)        00000
__size_ofi1___wmul                        (abs)        00000
_double_push_cnt                          bssBANK1     000B1
_eeprom_read                              text47       00B09
_eeprom_write                             text52       01144
_en_deb                                   bssBANK1     000AF
_en_prev                                  bssBANK1     000BD
_fsm_tmr                                  bssBANK1     000CA
_gamma_table                              stringtext1  0042B
_gp1_fsm                                  bssBANK1     000C1
_gp2_fsm                                  bssBANK1     000C0
_gp3_fsm                                  bssBANK1     000BF
_gp_fade_cnt                              bssBANK0     00034
_gp_timer                                 bssBANK1     000C2
_i2c_address                              nvBANK0      0005E
_int2clear                                bssBANK1     000C4
_intclear                                 bssBANK1     000C5
_main                                     cinit        00047
_pb_cnt                                   bssBANK1     000AA
_pb_fsm                                   bssBANK1     000BE
_temp_gp1                                 bssBANK0     00037
_temp_gp2                                 bssBANK0     00036
_temp_gp3                                 bssBANK0     00035
_timer3ReloadVal                          bssBANK1     000B7
btemp                                     (abs)        0007E
clear_ram0                                clrtext      009A4
eeprom_read@addr                          cstackCOMMON 00070
eeprom_write@addr                         cstackCOMMON 00071
eeprom_write@value                        cstackCOMMON 00070
end_of_initialization                     cinit        00044
i1NavKeyStatusUpdate@stat                 cstackCOMMON 00070
i1PWM_GP1@duty                            cstackBANK0  0004A
i1PWM_GP2@duty                            cstackBANK0  0004A
i1PWM_GP3@duty                            cstackBANK0  0004A
i1_ClearInterrupt                         text47       00A94
i1_I2C1_Initialize                        text57       00A20
i1_NavKeyStatusUpdate                     text73       01621
i1_PWM_GP1                                text51       00E36
i1_PWM_GP2                                text51       00DB8
i1_PWM_GP3                                text51       00D3A
i1_SetInterrupt                           text73       017D7
i1___wmul                                 text51       00EB4
i1___wmul@multiplicand                    cstackCOMMON 00072
i1___wmul@multiplier                      cstackCOMMON 00070
i1___wmul@product                         cstackCOMMON 00074
int$flags                                 (abs)        0007E
intlevel0                                 functab      00000
intlevel1                                 functab      00000
intlevel2                                 functab      00000
intlevel3                                 functab      00000
intlevel4                                 functab      00000
intlevel5                                 functab      00000
reset_vec                                 reset_vec    00000
start                                     init         00030
start_initialization                      cinit        00032
wtemp0                                    (abs)        0007E


FUNCTION INFORMATION:

 *************** function _main *****************
 Defined at:
		line 80 in file "main.c"
 Parameters:    Size  Location     Type
		None
 Auto vars:     Size  Location     Type
		None
 Return value:  Size  Location     Type
                  1    wreg      void 
 Registers used:
		wreg, fsr0l, fsr0h, fsr1l, fsr1h, status,2, status,0, pclath, cstack
 Tracked objects:
		On entry : 
		On exit  : 
		Unchanged: 
 Data sizes:     COMMON   BANK0   BANK1   BANK2   BANK3   BANK4   BANK5   BANK6   BANK7   BANK8   BANK9  BANK10  BANK11  BANK12
      Params:         0       0       0       0       0       0       0       0       0       0       0       0       0       0
      Locals:         0       0       0       0       0       0       0       0       0       0       0       0       0       0
      Temps:          0       0       0       0       0       0       0       0       0       0       0       0       0       0
      Totals:         0       0       0       0       0       0       0       0       0       0       0       0       0       0
Total ram usage:        0 bytes
 Hardware stack levels required when called:   12
 This function calls:
		_ClearInterrupt
		_DataInitSet
		_GP_Ports_FSM
		_NavKey_FSM
		_SYSTEM_Initialize
		_TMR3_SetInterruptHandler
		_TMR3_StartTimer
 This function is called by:
		Startup code after reset
 This function uses a non-reentrant model


 *************** function _TMR3_StartTimer *****************
 Defined at:
		line 93 in file "mcc_generated_files/tmr3.c"
 Parameters:    Size  Location     Type
		None
 Auto vars:     Size  Location     Type
		None
 Return value:  Size  Location     Type
                  1    wreg      void 
 Registers used:
		None
 Tracked objects:
		On entry : 
		On exit  : 
		Unchanged: 
 Data sizes:     COMMON   BANK0   BANK1   BANK2   BANK3   BANK4   BANK5   BANK6   BANK7   BANK8   BANK9  BANK10  BANK11  BANK12
      Params:         0       0       0       0       0       0       0       0       0       0       0       0       0       0
      Locals:         0       0       0       0       0       0       0       0       0       0       0       0       0       0
      Temps:          0       0       0       0       0       0       0       0       0       0       0       0       0       0
      Totals:         0       0       0       0       0       0       0       0       0       0       0       0       0       0
Total ram usage:        0 bytes
 Hardware stack levels used:    1
 Hardware stack levels required when called:    7
 This function calls:
		Nothing
 This function is called by:
		_main
 This function uses a non-reentrant model


 *************** function _SYSTEM_Initialize *****************
 Defined at:
		line 50 in file "mcc_generated_files/mcc.c"
 Parameters:    Size  Location     Type
		None
 Auto vars:     Size  Location     Type
		None
 Return value:  Size  Location     Type
                  1    wreg      void 
 Registers used:
		wreg, status,2, status,0, pclath, cstack
 Tracked objects:
		On entry : 
		On exit  : 
		Unchanged: 
 Data sizes:     COMMON   BANK0   BANK1   BANK2   BANK3   BANK4   BANK5   BANK6   BANK7   BANK8   BANK9  BANK10  BANK11  BANK12
      Params:         0       0       0       0       0       0       0       0       0       0       0       0       0       0
      Locals:         0       0       0       0       0       0       0       0       0       0       0       0       0       0
      Temps:          0       0       0       0       0       0       0       0       0       0       0       0       0       0
      Totals:         0       0       0       0       0       0       0       0       0       0       0       0       0       0
Total ram usage:        0 bytes
 Hardware stack levels used:    1
 Hardware stack levels required when called:    9
 This function calls:
		_CLC1_Initialize
		_CLC2_Initialize
		_I2C1_AddressSet
		_I2C1_Initialize
		_OSCILLATOR_Initialize
		_PIN_MANAGER_Initialize
		_PMD_Initialize
		_TMR2_Initialize
		_TMR3_Initialize
		_WDT_Initialize
 This function is called by:
		_main
 This function uses a non-reentrant model


 *************** function _WDT_Initialize *****************
 Defined at:
		line 80 in file "mcc_generated_files/mcc.c"
 Parameters:    Size  Location     Type
		None
 Auto vars:     Size  Location     Type
		None
 Return value:  Size  Location     Type
                  1    wreg      void 
 Registers used:
		wreg
 Tracked objects:
		On entry : 
		On exit  : 
		Unchanged: 
 Data sizes:     COMMON   BANK0   BANK1   BANK2   BANK3   BANK4   BANK5   BANK6   BANK7   BANK8   BANK9  BANK10  BANK11  BANK12
      Params:         0       0       0       0       0       0       0       0       0       0       0       0       0       0
      Locals:         0       0       0       0       0       0       0       0       0       0       0       0       0       0
      Temps:          0       0       0       0       0       0       0       0       0       0       0       0       0       0
      Totals:         0       0       0       0       0       0       0       0       0       0       0       0       0       0
Total ram usage:        0 bytes
 Hardware stack levels used:    1
 Hardware stack levels required when called:    7
 This function calls:
		Nothing
 This function is called by:
		_SYSTEM_Initialize
 This function uses a non-reentrant model


 *************** function _TMR3_Initialize *****************
 Defined at:
		line 64 in file "mcc_generated_files/tmr3.c"
 Parameters:    Size  Location     Type
		None
 Auto vars:     Size  Location     Type
		None
 Return value:  Size  Location     Type
                  1    wreg      void 
 Registers used:
		wreg, status,2, status,0, pclath, cstack
 Tracked objects:
		On entry : 
		On exit  : 
		Unchanged: 
 Data sizes:     COMMON   BANK0   BANK1   BANK2   BANK3   BANK4   BANK5   BANK6   BANK7   BANK8   BANK9  BANK10  BANK11  BANK12
      Params:         0       0       0       0       0       0       0       0       0       0       0       0       0       0
      Locals:         0       0       0       0       0       0       0       0       0       0       0       0       0       0
      Temps:          0       0       0       0       0       0       0       0       0       0       0       0       0       0
      Totals:         0       0       0       0       0       0       0       0       0       0       0       0       0       0
Total ram usage:        0 bytes
 Hardware stack levels used:    1
 Hardware stack levels required when called:    8
 This function calls:
		_TMR3_SetInterruptHandler
 This function is called by:
		_SYSTEM_Initialize
 This function uses a non-reentrant model


 *************** function _TMR3_SetInterruptHandler *****************
 Defined at:
		line 178 in file "mcc_generated_files/tmr3.c"
 Parameters:    Size  Location     Type
  InterruptHan    2    0[BANK1 ] PTR FTN()void 
		 -> TimerInt(1), TMR3_DefaultInterruptHandler(1), 
 Auto vars:     Size  Location     Type
		None
 Return value:  Size  Location     Type
                  1    wreg      void 
 Registers used:
		wreg
 Tracked objects:
		On entry : 
		On exit  : 
		Unchanged: 
 Data sizes:     COMMON   BANK0   BANK1   BANK2   BANK3   BANK4   BANK5   BANK6   BANK7   BANK8   BANK9  BANK10  BANK11  BANK12
      Params:         0       0       2       0       0       0       0       0       0       0       0       0       0       0
      Locals:         0       0       0       0       0       0       0       0       0       0       0       0       0       0
      Temps:          0       0       0       0       0       0       0       0       0       0       0       0       0       0
      Totals:         0       0       2       0       0       0       0       0       0       0       0       0       0       0
Total ram usage:        2 bytes
 Hardware stack levels used:    1
 Hardware stack levels required when called:    7
 This function calls:
		Nothing
 This function is called by:
		_TMR3_Initialize
		_main
 This function uses a non-reentrant model


 *************** function _TMR2_Initialize *****************
 Defined at:
		line 62 in file "mcc_generated_files/tmr2.c"
 Parameters:    Size  Location     Type
		None
 Auto vars:     Size  Location     Type
		None
 Return value:  Size  Location     Type
                  1    wreg      void 
 Registers used:
		wreg, status,2
 Tracked objects:
		On entry : 
		On exit  : 
		Unchanged: 
 Data sizes:     COMMON   BANK0   BANK1   BANK2   BANK3   BANK4   BANK5   BANK6   BANK7   BANK8   BANK9  BANK10  BANK11  BANK12
      Params:         0       0       0       0       0       0       0       0       0       0       0       0       0       0
      Locals:         0       0       0       0       0       0       0       0       0       0       0       0       0       0
      Temps:          0       0       0       0       0       0       0       0       0       0       0       0       0       0
      Totals:         0       0       0       0       0       0       0       0       0       0       0       0       0       0
Total ram usage:        0 bytes
 Hardware stack levels used:    1
 Hardware stack levels required when called:    7
 This function calls:
		Nothing
 This function is called by:
		_SYSTEM_Initialize
 This function uses a non-reentrant model


 *************** function _PMD_Initialize *****************
 Defined at:
		line 86 in file "mcc_generated_files/mcc.c"
 Parameters:    Size  Location     Type
		None
 Auto vars:     Size  Location     Type
		None
 Return value:  Size  Location     Type
                  1    wreg      void 
 Registers used:
		wreg
 Tracked objects:
		On entry : 
		On exit  : 
		Unchanged: 
 Data sizes:     COMMON   BANK0   BANK1   BANK2   BANK3   BANK4   BANK5   BANK6   BANK7   BANK8   BANK9  BANK10  BANK11  BANK12
      Params:         0       0       0       0       0       0       0       0       0       0       0       0       0       0
      Locals:         0       0       0       0       0       0       0       0       0       0       0       0       0       0
      Temps:          0       0       0       0       0       0       0       0       0       0       0       0       0       0
      Totals:         0       0       0       0       0       0       0       0       0       0       0       0       0       0
Total ram usage:        0 bytes
 Hardware stack levels used:    1
 Hardware stack levels required when called:    7
 This function calls:
		Nothing
 This function is called by:
		_SYSTEM_Initialize
 This function uses a non-reentrant model


 *************** function _PIN_MANAGER_Initialize *****************
 Defined at:
		line 57 in file "mcc_generated_files/pin_manager.c"
 Parameters:    Size  Location     Type
		None
 Auto vars:     Size  Location     Type
		None
 Return value:  Size  Location     Type
                  1    wreg      void 
 Registers used:
		wreg, status,2, status,0
 Tracked objects:
		On entry : 
		On exit  : 
		Unchanged: 
 Data sizes:     COMMON   BANK0   BANK1   BANK2   BANK3   BANK4   BANK5   BANK6   BANK7   BANK8   BANK9  BANK10  BANK11  BANK12
      Params:         0       0       0       0       0       0       0       0       0       0       0       0       0       0
      Locals:         0       0       0       0       0       0       0       0       0       0       0       0       0       0
      Temps:          0       0       0       0       0       0       0       0       0       0       0       0       0       0
[...]
      Totals:         1       0       0       0       0       0       0       0       0       0       0       0       0       0
Total ram usage:        1 bytes
 Hardware stack levels used:    1
 This function calls:
		Nothing
 This function is called by:
		_RegisterRead
 This function uses a non-reentrant model


 *************** function _Int2StatusClear *****************
 Defined at:
		line 125 in file "DataVariable.c"
 Parameters:    Size  Location     Type
		None
 Auto vars:     Size  Location     Type
		None
 Return value:  Size  Location     Type
                  1    wreg      void 
 Registers used:
		status,2
 Tracked objects:
		On entry : 
		On exit  : 
		Unchanged: 
 Data sizes:     COMMON   BANK0   BANK1   BANK2   BANK3   BANK4   BANK5   BANK6   BANK7   BANK8   BANK9  BANK10  BANK11  BANK12
      Params:         0       0       0       0       0       0       0       0       0       0       0       0       0       0
      Locals:         0       0       0       0       0       0       0       0       0       0       0       0       0       0
      Temps:          0       0       0       0       0       0       0       0       0       0       0       0       0       0
      Totals:         0       0       0       0       0       0       0       0       0       0       0       0       0       0
Total ram usage:        0 bytes
 Hardware stack levels used:    1
 This function calls:
		Nothing
 This function is called by:
		_I2C1_StatusCallback
 This function uses a non-reentrant model


 *************** function _CLC2_ISR *****************
 Defined at:
		line 89 in file "mcc_generated_files/clc2.c"
 Parameters:    Size  Location     Type
		None
 Auto vars:     Size  Location     Type
		None
 Return value:  Size  Location     Type
                  1    wreg      void 
 Registers used:
		wreg, status,2, status,0, pclath, cstack
 Tracked objects:
		On entry : 
		On exit  : 
		Unchanged: 
 Data sizes:     COMMON   BANK0   BANK1   BANK2   BANK3   BANK4   BANK5   BANK6   BANK7   BANK8   BANK9  BANK10  BANK11  BANK12
      Params:         0       0       0       0       0       0       0       0       0       0       0       0       0       0
      Locals:         0       0       0       0       0       0       0       0       0       0       0       0       0       0
      Temps:          0       0       0       0       0       0       0       0       0       0       0       0       0       0
      Totals:         0       0       0       0       0       0       0       0       0       0       0       0       0       0
Total ram usage:        0 bytes
 Hardware stack levels used:    1
 Hardware stack levels required when called:    3
 This function calls:
		_CLC_1_Interrupt
		_CLC_2_Interrupt
 This function is called by:
		_INTERRUPT_InterruptManager
 This function uses a non-reentrant model


 *************** function _CLC1_ISR *****************
 Defined at:
		line 89 in file "mcc_generated_files/clc1.c"
 Parameters:    Size  Location     Type
		None
 Auto vars:     Size  Location     Type
		None
 Return value:  Size  Location     Type
                  1    wreg      void 
 Registers used:
		wreg, status,2, status,0, pclath, cstack
 Tracked objects:
		On entry : 
		On exit  : 
		Unchanged: 
 Data sizes:     COMMON   BANK0   BANK1   BANK2   BANK3   BANK4   BANK5   BANK6   BANK7   BANK8   BANK9  BANK10  BANK11  BANK12
      Params:         0       0       0       0       0       0       0       0       0       0       0       0       0       0
      Locals:         0       0       0       0       0       0       0       0       0       0       0       0       0       0
      Temps:          0       0       0       0       0       0       0       0       0       0       0       0       0       0
      Totals:         0       0       0       0       0       0       0       0       0       0       0       0       0       0
Total ram usage:        0 bytes
 Hardware stack levels used:    1
 Hardware stack levels required when called:    3
 This function calls:
		_CLC_1_Interrupt
		_CLC_2_Interrupt
 This function is called by:
		_INTERRUPT_InterruptManager
 This function uses a non-reentrant model


 *************** function _CLC_2_Interrupt *****************
 Defined at:
		line 66 in file "NavKey.c"
 Parameters:    Size  Location     Type
		None
 Auto vars:     Size  Location     Type
		None
 Return value:  Size  Location     Type
                  1    wreg      void 
 Registers used:
		wreg, status,2, status,0, pclath, cstack
 Tracked objects:
		On entry : 
		On exit  : 
		Unchanged: 
 Data sizes:     COMMON   BANK0   BANK1   BANK2   BANK3   BANK4   BANK5   BANK6   BANK7   BANK8   BANK9  BANK10  BANK11  BANK12
      Params:         0       0       0       0       0       0       0       0       0       0       0       0       0       0
      Locals:         0       0       0       0       0       0       0       0       0       0       0       0       0       0
      Temps:          0       4       0       0       0       0       0       0       0       0       0       0       0       0
      Totals:         0       4       0       0       0       0       0       0       0       0       0       0       0       0
Total ram usage:        4 bytes
 Hardware stack levels used:    1
 Hardware stack levels required when called:    2
 This function calls:
		___flge
		___flsub
		i1_NavKeyStatusUpdate
		i1_SetInterrupt
 This function is called by:
		_CLC2_ISR
		_CLC1_ISR
 This function uses a non-reentrant model


 *************** function ___flsub *****************
 Defined at:
		line 242 in file "C:\Program Files (x86)\Microchip\xc8\v2.05\pic\sources\c90\common\sprcadd.c"
 Parameters:    Size  Location     Type
  a               4    8[BANK0 ] void 
  b               4   12[BANK0 ] void 
 Auto vars:     Size  Location     Type
		None
 Return value:  Size  Location     Type
                  4    8[BANK0 ] void 
 Registers used:
		wreg, status,2, status,0, pclath, cstack
 Tracked objects:
		On entry : 
		On exit  : 
		Unchanged: 
 Data sizes:     COMMON   BANK0   BANK1   BANK2   BANK3   BANK4   BANK5   BANK6   BANK7   BANK8   BANK9  BANK10  BANK11  BANK12
      Params:         0       8       0       0       0       0       0       0       0       0       0       0       0       0
      Locals:         0       0       0       0       0       0       0       0       0       0       0       0       0       0
      Temps:          0       0       0       0       0       0       0       0       0       0       0       0       0       0
      Totals:         0       8       0       0       0       0       0       0       0       0       0       0       0       0
Total ram usage:        8 bytes
 Hardware stack levels used:    1
 Hardware stack levels required when called:    1
 This function calls:
		___fladd
 This function is called by:
		_CLC_2_Interrupt
 This function uses a non-reentrant model


 *************** function _CLC_1_Interrupt *****************
 Defined at:
		line 24 in file "NavKey.c"
 Parameters:    Size  Location     Type
		None
 Auto vars:     Size  Location     Type
		None
 Return value:  Size  Location     Type
                  1    wreg      void 
 Registers used:
		wreg, status,2, status,0, pclath, cstack
 Tracked objects:
		On entry : 
		On exit  : 
		Unchanged: 
 Data sizes:     COMMON   BANK0   BANK1   BANK2   BANK3   BANK4   BANK5   BANK6   BANK7   BANK8   BANK9  BANK10  BANK11  BANK12
      Params:         0       0       0       0       0       0       0       0       0       0       0       0       0       0
      Locals:         0       0       0       0       0       0       0       0       0       0       0       0       0       0
      Temps:          0       4       0       0       0       0       0       0       0       0       0       0       0       0
      Totals:         0       4       0       0       0       0       0       0       0       0       0       0       0       0
Total ram usage:        4 bytes
 Hardware stack levels used:    1
 Hardware stack levels required when called:    1
 This function calls:
		___fladd
		___flge
		i1_NavKeyStatusUpdate
		i1_SetInterrupt
 This function is called by:
		_CLC2_ISR
		_CLC1_ISR
 This function uses a non-reentrant model


 *************** function i1_SetInterrupt *****************
 Defined at:
		line 56 in file "main.c"
 Parameters:    Size  Location     Type
		None
 Auto vars:     Size  Location     Type
		None
 Return value:  Size  Location     Type
                  1    wreg      void 
 Registers used:
		wreg, status,2, status,0
 Tracked objects:
		On entry : 
		On exit  : 
		Unchanged: 
 Data sizes:     COMMON   BANK0   BANK1   BANK2   BANK3   BANK4   BANK5   BANK6   BANK7   BANK8   BANK9  BANK10  BANK11  BANK12
      Params:         0       0       0       0       0       0       0       0       0       0       0       0       0       0
      Locals:         0       0       0       0       0       0       0       0       0       0       0       0       0       0
      Temps:          2       0       0       0       0       0       0       0       0       0       0       0       0       0
      Totals:         2       0       0       0       0       0       0       0       0       0       0       0       0       0
Total ram usage:        2 bytes
 Hardware stack levels used:    1
 This function calls:
		Nothing
 This function is called by:
		_CLC_1_Interrupt
		_CLC_2_Interrupt
 This function uses a non-reentrant model


 *************** function i1_NavKeyStatusUpdate *****************
 Defined at:
		line 102 in file "DataVariable.c"
 Parameters:    Size  Location     Type
  stat            2    0[COMMON] enum E68
 Auto vars:     Size  Location     Type
		None
 Return value:  Size  Location     Type
                  1    wreg      void 
 Registers used:
		wreg
 Tracked objects:
		On entry : 
		On exit  : 
		Unchanged: 
 Data sizes:     COMMON   BANK0   BANK1   BANK2   BANK3   BANK4   BANK5   BANK6   BANK7   BANK8   BANK9  BANK10  BANK11  BANK12
      Params:         2       0       0       0       0       0       0       0       0       0       0       0       0       0
      Locals:         0       0       0       0       0       0       0       0       0       0       0       0       0       0
      Temps:          0       0       0       0       0       0       0       0       0       0       0       0       0       0
      Totals:         2       0       0       0       0       0       0       0       0       0       0       0       0       0
Total ram usage:        2 bytes
 Hardware stack levels used:    1
 This function calls:
		Nothing
 This function is called by:
		_CLC_1_Interrupt
		_CLC_2_Interrupt
 This function uses a non-reentrant model


 *************** function ___flge *****************
 Defined at:
		line 4 in file "C:\Program Files (x86)\Microchip\xc8\v2.05\pic\sources\c90\common\flge.c"
 Parameters:    Size  Location     Type
  ff1             4    0[COMMON] void 
  ff2             4    4[COMMON] void 
 Auto vars:     Size  Location     Type
		None
 Return value:  Size  Location     Type
		None               void
 Registers used:
		wreg, status,2, status,0
 Tracked objects:
		On entry : 
		On exit  : 
		Unchanged: 
 Data sizes:     COMMON   BANK0   BANK1   BANK2   BANK3   BANK4   BANK5   BANK6   BANK7   BANK8   BANK9  BANK10  BANK11  BANK12
      Params:         8       0       0       0       0       0       0       0       0       0       0       0       0       0
      Locals:         0       0       0       0       0       0       0       0       0       0       0       0       0       0
      Temps:          4       0       0       0       0       0       0       0       0       0       0       0       0       0
      Totals:        12       0       0       0       0       0       0       0       0       0       0       0       0       0
Total ram usage:       12 bytes
 Hardware stack levels used:    1
 This function calls:
		Nothing
 This function is called by:
		_CLC_1_Interrupt
		_CLC_2_Interrupt
 This function uses a non-reentrant model


 *************** function ___fladd *****************
 Defined at:
		line 10 in file "C:\Program Files (x86)\Microchip\xc8\v2.05\pic\sources\c90\common\sprcadd.c"
 Parameters:    Size  Location     Type
  b               4    0[COMMON] void 
  a               4    4[COMMON] void 
 Auto vars:     Size  Location     Type
  grs             1   11[COMMON] unsigned char 
  bexp            1   10[COMMON] unsigned char 
  aexp            1    9[COMMON] unsigned char 
  signs           1    8[COMMON] unsigned char 
 Return value:  Size  Location     Type
                  4    0[COMMON] unsigned char 
 Registers used:
		wreg, status,2, status,0
 Tracked objects:
		On entry : 
		On exit  : 
		Unchanged: 
 Data sizes:     COMMON   BANK0   BANK1   BANK2   BANK3   BANK4   BANK5   BANK6   BANK7   BANK8   BANK9  BANK10  BANK11  BANK12
      Params:         8       0       0       0       0       0       0       0       0       0       0       0       0       0
      Locals:         4       0       0       0       0       0       0       0       0       0       0       0       0       0
      Temps:          0       8       0       0       0       0       0       0       0       0       0       0       0       0
      Totals:        12       8       0       0       0       0       0       0       0       0       0       0       0       0
Total ram usage:       20 bytes
 Hardware stack levels used:    1
 This function calls:
		Nothing
 This function is called by:
		_CLC_1_Interrupt
		___flsub
 This function uses a non-reentrant model



MODULE INFORMATION

Module		Function		Class		Link	Load	Size
DataVariable.c
		_NavKeyStatusUpdate		CODE           	14F2	0000	9
		_FadeProcessClear		CODE           	03FB	0000	10
		_StatusClear   		CODE           	0A90	0000	5
		_FadeProcessSet		CODE           	0404	0000	6
		_Int2StatusUpdate		CODE           	01CB	0000	11
		_GeneralDataSplit		CODE           	0FC6	0000	59
		_DataInitSet   		CODE           	0068	0000	49
		_Int2StatusClear		CODE           	0A97	0000	4

DataVariable.c estimated size: 153

C:\Program Files (x86)\Microchip\xc8\v2.05\pic\sources\c90\common\sprcadd.c
		___flsub       		CODE           	17E3	0000	30
		___fladd       		CODE           	1688	0000	336

C:\Program Files (x86)\Microchip\xc8\v2.05\pic\sources\c90\common\sprcadd.c estimated size: 366

mcc_generated_files/tmr2.c
		_TMR2_Initialize		CODE           	0BC9	0000	9

mcc_generated_files/tmr2.c estimated size: 9

mcc_generated_files/interrupt_manager.c
		_INTERRUPT_InterruptManager		CODE           	0004	0000	45

mcc_generated_files/interrupt_manager.c estimated size: 45

mcc_generated_files/pwm2.c
		_PWM2_Initialize		CODE           	0F41	0000	13

mcc_generated_files/pwm2.c estimated size: 13

mcc_generated_files/i2c1.c
		_I2C1_Initialize_ClockStreach		CODE           	0A0C	0000	21
		_I2C1_ISR      		CODE           	0A33	0000	28
		_I2C1_Initialize		CODE           	0B68	0000	20

mcc_generated_files/i2c1.c estimated size: 69

mcc_generated_files/pin_manager.c
		_PIN_MANAGER_Initialize		CODE           	0B84	0000	56

mcc_generated_files/pin_manager.c estimated size: 56

i2c_register.c
		_I2C1_AddressSet		CODE           	0B40	0000	41
		_I2C1_StatusCallback		CODE           	0A4E	0000	67
		_RegisterRead  		CODE           	0A9A	0000	112
		_RegisterWrite 		CODE           	0C06	0000	201
		_GeneralDataSet		CODE           	09CD	0000	64

i2c_register.c estimated size: 485

NavKey.c
		_CLC_1_Interrupt		CODE           	150E	0000	138
		_NavKey_CentralButton_FSM		CODE           	14A5	0000	78
		_CLC_2_Interrupt		CODE           	1597	0000	139
		_NavKey_DWButton_FSM		CODE           	1484	0000	34
		_NavKey_LTButton_FSM		CODE           	1463	0000	34
		_NavKey_UPButton_FSM		CODE           	1421	0000	34
		_NavKey_RTButton_FSM		CODE           	1442	0000	34
		_NavKey_FSM    		CODE           	0409	0000	27
		_NavKeySwitch_KeyFilter		CODE           	13CF	0000	83

NavKey.c estimated size: 601

C:\Program Files (x86)\Microchip\xc8\v2.05\pic\sources\c90\common\Umul16.c
		___wmul        		CODE           	03E6	0000	22

C:\Program Files (x86)\Microchip\xc8\v2.05\pic\sources\c90\common\Umul16.c estimated size: 22

C:\Program Files (x86)\Microchip\xc8\v2.05\pic\sources\c90\pic\__eeread.c
		_eeprom_read   		CODE           	0B09	0000	16

C:\Program Files (x86)\Microchip\xc8\v2.05\pic\sources\c90\pic\__eeread.c estimated size: 16

mcc_generated_files/adc.c
		_ADC_Initialize		CODE           	0201	0000	9
		_ADC_GetConversion		CODE           	01E6	0000	28

mcc_generated_files/adc.c estimated size: 37

mcc_generated_files/clc2.c
		_CLC2_ISR      		CODE           	14FA	0000	11
		_CLC2_Initialize		CODE           	0B2B	0000	22

mcc_generated_files/clc2.c estimated size: 33

C:\Program Files (x86)\Microchip\xc8\v2.05\pic\sources\c90\common\flge.c
		___flge        		CODE           	1626	0000	99

C:\Program Files (x86)\Microchip\xc8\v2.05\pic\sources\c90\common\flge.c estimated size: 99

PWM.c
		_PWM_GP3       		CODE           	025D	0000	132
		_PWM_GP2       		CODE           	02E0	0000	132
		_PWM_GP1       		CODE           	0363	0000	132

PWM.c estimated size: 396

shared
		i1_I2C1_Initialize		CODE           	0A20	0000	20
		i1_ClearInterrupt		CODE           	0A94	0000	4
		i1_PWM_GP1     		CODE           	0E36	0000	127
		i1_PWM_GP2     		CODE           	0DB8	0000	127
		i1_PWM_GP3     		CODE           	0D3A	0000	127
		i1___wmul      		CODE           	0EB4	0000	22
		__initialization		CODE           	0032	0000	19
		_gamma_table   		STRCODE        	042B	0000	1401
		i1_NavKeyStatusUpdate		CODE           	1621	0000	6
		i1_SetInterrupt		CODE           	17D7	0000	13

shared estimated size: 1866

C:\Program Files (x86)\Microchip\xc8\v2.05\pic\sources\c90\pic\__eewrite.c
		_eeprom_write  		CODE           	1144	0000	29

C:\Program Files (x86)\Microchip\xc8\v2.05\pic\sources\c90\pic\__eewrite.c estimated size: 29

mcc_generated_files/mcc.c
		_WDT_Initialize		CODE           	0BD1	0000	5
		_PMD_Initialize		CODE           	0BBB	0000	15
		_OSCILLATOR_Initialize		CODE           	0B7B	0000	10
		_SYSTEM_Initialize		CODE           	0B18	0000	20

mcc_generated_files/mcc.c estimated size: 50

mcc_generated_files/tmr3.c
		_TMR3_ISR      		CODE           	09AA	0000	10
		_TMR3_Initialize		CODE           	0BEA	0000	29
		_TMR3_SetInterruptHandler		CODE           	0423	0000	6
		_TMR3_DefaultInterruptHandler		CODE           	0003	0000	2
		_TMR3_CallBack 		CODE           	09B3	0000	12
		_TMR3_WriteTimer		CODE           	09BE	0000	16
		_TMR3_StartTimer		CODE           	0428	0000	4

mcc_generated_files/tmr3.c estimated size: 79

mcc_generated_files/pwm3.c
		_PWM3_Initialize		CODE           	0FB9	0000	14

mcc_generated_files/pwm3.c estimated size: 14

mcc_generated_files/pwm1.c
		_PWM1_Initialize		CODE           	0EC9	0000	13

mcc_generated_files/pwm1.c estimated size: 13

main.c
		_main          		CODE           	0047	0000	31
		_ClearInterrupt		CODE           	0065	0000	4
		_SetInterrupt  		CODE           	01D5	0000	18
		_TimerInt      		CODE           	11DC	0000	4

main.c estimated size: 57

GPports.c
		_UpdateOut_GP1 		CODE           	1198	0000	29
		_UpdateOut_GP2 		CODE           	117C	0000	29
		_UpdateOut_GP3 		CODE           	1160	0000	29
		_GP1_FSM       		CODE           	00E6	0000	76
		_GP2_FSM       		CODE           	017E	0000	78
		_GP3_FSM       		CODE           	0131	0000	78
		_Config_GP1    		CODE           	0CCE	0000	109
		_Config_GP2    		CODE           	0ED5	0000	109
		_Config_GP3    		CODE           	0F4D	0000	109
		_GP_Ports_FSM  		CODE           	00C1	0000	38
		_FADE_GP1      		CODE           	0098	0000	42
		_FADE_GP2      		CODE           	0233	0000	43
		_FADE_GP3      		CODE           	0209	0000	43

GPports.c estimated size: 812

mcc_generated_files/clc1.c
		_CLC1_ISR      		CODE           	1504	0000	11
		_CLC1_Initialize		CODE           	0BD5	0000	22

mcc_generated_files/clc1.c estimated size: 33

